warning: unused import: `dispatcher`
 --> crates/everything/src/ext/structures/mod.rs:7:15
  |
7 | use tracing::{dispatcher, instrument};
  |               ^^^^^^^^^^
  |
  = note: `#[warn(unused_imports)]` (part of `#[warn(unused)]`) on by default

warning: use of deprecated method `ext::objects::ObjectExt::is_only_natural_number`
   --> crates/everything/src/ext/objects/mod.rs:149:27
    |
149 |                     value.is_only_natural_number()
    |                           ^^^^^^^^^^^^^^^^^^^^^^
    |
    = note: `#[warn(deprecated)]` on by default

warning: `everything` (lib) generated 2 warnings (run `cargo fix --lib -p everything` to apply 1 suggestion)
    Finished `release` profile [optimized] target(s) in 0.02s
     Running `/home/trombecher/Binary/everything/target/release/playground`
 is_valid self={(@10, @9)}, recursive=false
     query_values_axiomatically subject=@10, tag=@2
      INFO return=[{(@3, {(@3, {(@13, {(@14, {(@4, {(@15, @9)}), (@5, {(@3, {(@20, {(@19, @9), (@19, {(@15, @9)})}), (@20, {(@14, {(@4, {(@15, @9)}), (@5, @10)})})})})})}), (@13, {(@19, {(@10, @9)}), (@19, {(@17, {(@18, {(@4, {(@15, {(@10, @9)})}), (@5, @10)})})})})})})}]
     call self={(@3, {(@3, {(@13, {(@14, {(@4, {(@15, @9)}), (@5, {(@3, {(@20, {(@19, @9), (@19, {(@15, @9)})}), (@20, {(@14, {(@4, {(@15, @9)}), (@5, @10)})})})})})}), (@13, {(@19, {(@10, @9)}), (@19, {(@17, {(@18, {(@4, {(@15, {(@10, @9)})}), (@5, @10)})})})})})})}, parameters=[{(@10, @9)}, @9], ctx=EvaluationContext { stack: [] }
         node_type self={(@3, {(@3, {(@13, {(@14, {(@4, {(@15, @9)}), (@5, {(@3, {(@20, {(@19, @9), (@19, {(@15, @9)})}), (@20, {(@14, {(@4, {(@15, @9)}), (@5, @10)})})})})})}), (@13, {(@19, {(@10, @9)}), (@19, {(@17, {(@18, {(@4, {(@15, {(@10, @9)})}), (@5, @10)})})})})})})}
             query_values_axiomatically subject={(@3, {(@3, {(@13, {(@14, {(@4, {(@15, @9)}), (@5, {(@3, {(@20, {(@19, @9), (@19, {(@15, @9)})}), (@20, {(@14, {(@4, {(@15, @9)}), (@5, @10)})})})})})}), (@13, {(@19, {(@10, @9)}), (@19, {(@17, {(@18, {(@4, {(@15, {(@10, @9)})}), (@5, @10)})})})})})})}, tag=@3
              INFO return=[{(@3, {(@13, {(@14, {(@4, {(@15, @9)}), (@5, {(@3, {(@20, {(@19, @9), (@19, {(@15, @9)})}), (@20, {(@14, {(@4, {(@15, @9)}), (@5, @10)})})})})})}), (@13, {(@19, {(@10, @9)}), (@19, {(@17, {(@18, {(@4, {(@15, {(@10, @9)})}), (@5, @10)})})})})})}]
             query_values_axiomatically subject={(@3, {(@3, {(@13, {(@14, {(@4, {(@15, @9)}), (@5, {(@3, {(@20, {(@19, @9), (@19, {(@15, @9)})}), (@20, {(@14, {(@4, {(@15, @9)}), (@5, @10)})})})})})}), (@13, {(@19, {(@10, @9)}), (@19, {(@17, {(@18, {(@4, {(@15, {(@10, @9)})}), (@5, @10)})})})})})})}, tag=@12
              INFO return=[]
             query_values_axiomatically subject={(@3, {(@3, {(@13, {(@14, {(@4, {(@15, @9)}), (@5, {(@3, {(@20, {(@19, @9), (@19, {(@15, @9)})}), (@20, {(@14, {(@4, {(@15, @9)}), (@5, @10)})})})})})}), (@13, {(@19, {(@10, @9)}), (@19, {(@17, {(@18, {(@4, {(@15, {(@10, @9)})}), (@5, @10)})})})})})})}, tag=@13
              INFO return=[]
             query_values_axiomatically subject={(@3, {(@3, {(@13, {(@14, {(@4, {(@15, @9)}), (@5, {(@3, {(@20, {(@19, @9), (@19, {(@15, @9)})}), (@20, {(@14, {(@4, {(@15, @9)}), (@5, @10)})})})})})}), (@13, {(@19, {(@10, @9)}), (@19, {(@17, {(@18, {(@4, {(@15, {(@10, @9)})}), (@5, @10)})})})})})})}, tag=@25
              INFO return=[]
             query_values_axiomatically subject={(@3, {(@3, {(@13, {(@14, {(@4, {(@15, @9)}), (@5, {(@3, {(@20, {(@19, @9), (@19, {(@15, @9)})}), (@20, {(@14, {(@4, {(@15, @9)}), (@5, @10)})})})})})}), (@13, {(@19, {(@10, @9)}), (@19, {(@17, {(@18, {(@4, {(@15, {(@10, @9)})}), (@5, @10)})})})})})})}, tag=@14
              INFO return=[]
             query_values_axiomatically subject={(@3, {(@3, {(@13, {(@14, {(@4, {(@15, @9)}), (@5, {(@3, {(@20, {(@19, @9), (@19, {(@15, @9)})}), (@20, {(@14, {(@4, {(@15, @9)}), (@5, @10)})})})})})}), (@13, {(@19, {(@10, @9)}), (@19, {(@17, {(@18, {(@4, {(@15, {(@10, @9)})}), (@5, @10)})})})})})})}, tag=@15
              INFO return=[]
             query_values_axiomatically subject={(@3, {(@3, {(@13, {(@14, {(@4, {(@15, @9)}), (@5, {(@3, {(@20, {(@19, @9), (@19, {(@15, @9)})}), (@20, {(@14, {(@4, {(@15, @9)}), (@5, @10)})})})})})}), (@13, {(@19, {(@10, @9)}), (@19, {(@17, {(@18, {(@4, {(@15, {(@10, @9)})}), (@5, @10)})})})})})})}, tag=@17
              INFO return=[]
             query_values_axiomatically subject={(@3, {(@3, {(@13, {(@14, {(@4, {(@15, @9)}), (@5, {(@3, {(@20, {(@19, @9), (@19, {(@15, @9)})}), (@20, {(@14, {(@4, {(@15, @9)}), (@5, @10)})})})})})}), (@13, {(@19, {(@10, @9)}), (@19, {(@17, {(@18, {(@4, {(@15, {(@10, @9)})}), (@5, @10)})})})})})})}, tag=@18
              INFO return=[]
             query_values_axiomatically subject={(@3, {(@3, {(@13, {(@14, {(@4, {(@15, @9)}), (@5, {(@3, {(@20, {(@19, @9), (@19, {(@15, @9)})}), (@20, {(@14, {(@4, {(@15, @9)}), (@5, @10)})})})})})}), (@13, {(@19, {(@10, @9)}), (@19, {(@17, {(@18, {(@4, {(@15, {(@10, @9)})}), (@5, @10)})})})})})})}, tag=@19
              INFO return=[]
             query_values_axiomatically subject={(@3, {(@3, {(@13, {(@14, {(@4, {(@15, @9)}), (@5, {(@3, {(@20, {(@19, @9), (@19, {(@15, @9)})}), (@20, {(@14, {(@4, {(@15, @9)}), (@5, @10)})})})})})}), (@13, {(@19, {(@10, @9)}), (@19, {(@17, {(@18, {(@4, {(@15, {(@10, @9)})}), (@5, @10)})})})})})})}, tag=@20
              INFO return=[]
             query_values_axiomatically subject={(@3, {(@3, {(@13, {(@14, {(@4, {(@15, @9)}), (@5, {(@3, {(@20, {(@19, @9), (@19, {(@15, @9)})}), (@20, {(@14, {(@4, {(@15, @9)}), (@5, @10)})})})})})}), (@13, {(@19, {(@10, @9)}), (@19, {(@17, {(@18, {(@4, {(@15, {(@10, @9)})}), (@5, @10)})})})})})})}, tag=@21
              INFO return=[]
             query_values_axiomatically subject={(@3, {(@3, {(@13, {(@14, {(@4, {(@15, @9)}), (@5, {(@3, {(@20, {(@19, @9), (@19, {(@15, @9)})}), (@20, {(@14, {(@4, {(@15, @9)}), (@5, @10)})})})})})}), (@13, {(@19, {(@10, @9)}), (@19, {(@17, {(@18, {(@4, {(@15, {(@10, @9)})}), (@5, @10)})})})})})})}, tag=@22
              INFO return=[]
          INFO return=Some(Computed)
         eval self={(@10, @9)}, ctx=EvaluationContext { stack: [] }
             node_type self={(@10, @9)}
                 query_values_axiomatically subject={(@10, @9)}, tag=@3
                  INFO return=[]
                 query_values_axiomatically subject={(@10, @9)}, tag=@12
                  INFO return=[]
                 query_values_axiomatically subject={(@10, @9)}, tag=@13
                  INFO return=[]
                 query_values_axiomatically subject={(@10, @9)}, tag=@25
                  INFO return=[]
                 query_values_axiomatically subject={(@10, @9)}, tag=@14
                  INFO return=[]
                 query_values_axiomatically subject={(@10, @9)}, tag=@15
                  INFO return=[]
                 query_values_axiomatically subject={(@10, @9)}, tag=@17
                  INFO return=[]
                 query_values_axiomatically subject={(@10, @9)}, tag=@18
                  INFO return=[]
                 query_values_axiomatically subject={(@10, @9)}, tag=@19
                  INFO return=[]
                 query_values_axiomatically subject={(@10, @9)}, tag=@20
                  INFO return=[]
                 query_values_axiomatically subject={(@10, @9)}, tag=@21
                  INFO return=[]
                 query_values_axiomatically subject={(@10, @9)}, tag=@22
                  INFO return=[]
              INFO return=None
             eval self=@9, ctx=EvaluationContext { stack: [] }
                 node_type self=@9
                     query_values_axiomatically subject=@9, tag=@3
                      INFO return=[]
                     query_values_axiomatically subject=@9, tag=@12
                      INFO return=[]
                     query_values_axiomatically subject=@9, tag=@13
                      INFO return=[]
                     query_values_axiomatically subject=@9, tag=@25
                      INFO return=[]
                     query_values_axiomatically subject=@9, tag=@14
                      INFO return=[]
                     query_values_axiomatically subject=@9, tag=@15
                      INFO return=[]
                     query_values_axiomatically subject=@9, tag=@17
                      INFO return=[]
                     query_values_axiomatically subject=@9, tag=@18
                      INFO return=[]
                     query_values_axiomatically subject=@9, tag=@19
                      INFO return=[]
                     query_values_axiomatically subject=@9, tag=@20
                      INFO return=[]
                     query_values_axiomatically subject=@9, tag=@21
                      INFO return=[]
                     query_values_axiomatically subject=@9, tag=@22
                      INFO return=[]
                  INFO return=None
              INFO return=@9
          INFO return={(@10, @9)}
         query_values_axiomatically subject={(@3, {(@3, {(@13, {(@14, {(@4, {(@15, @9)}), (@5, {(@3, {(@20, {(@19, @9), (@19, {(@15, @9)})}), (@20, {(@14, {(@4, {(@15, @9)}), (@5, @10)})})})})})}), (@13, {(@19, {(@10, @9)}), (@19, {(@17, {(@18, {(@4, {(@15, {(@10, @9)})}), (@5, @10)})})})})})})}, tag=@3
          INFO return=[{(@3, {(@13, {(@14, {(@4, {(@15, @9)}), (@5, {(@3, {(@20, {(@19, @9), (@19, {(@15, @9)})}), (@20, {(@14, {(@4, {(@15, @9)}), (@5, @10)})})})})})}), (@13, {(@19, {(@10, @9)}), (@19, {(@17, {(@18, {(@4, {(@15, {(@10, @9)})}), (@5, @10)})})})})})}]
         call self={(@3, {(@13, {(@14, {(@4, {(@15, @9)}), (@5, {(@3, {(@20, {(@19, @9), (@19, {(@15, @9)})}), (@20, {(@14, {(@4, {(@15, @9)}), (@5, @10)})})})})})}), (@13, {(@19, {(@10, @9)}), (@19, {(@17, {(@18, {(@4, {(@15, {(@10, @9)})}), (@5, @10)})})})})})}, parameters=[@9], ctx=EvaluationContext { stack: [FunctionContext { function: {(@3, {(@3, {(@13, {(@14, {(@4, {(@15, @9)}), (@5, {(@3, {(@20, {(@19, @9), (@19, {(@15, @9)})}), (@20, {(@14, {(@4, {(@15, @9)}), (@5, @10)})})})})})}), (@13, {(@19, {(@10, @9)}), (@19, {(@17, {(@18, {(@4, {(@15, {(@10, @9)})}), (@5, @10)})})})})})})}, parameter: {(@10, @9)} }] }
             node_type self={(@3, {(@13, {(@14, {(@4, {(@15, @9)}), (@5, {(@3, {(@20, {(@19, @9), (@19, {(@15, @9)})}), (@20, {(@14, {(@4, {(@15, @9)}), (@5, @10)})})})})})}), (@13, {(@19, {(@10, @9)}), (@19, {(@17, {(@18, {(@4, {(@15, {(@10, @9)})}), (@5, @10)})})})})})}
                 query_values_axiomatically subject={(@3, {(@13, {(@14, {(@4, {(@15, @9)}), (@5, {(@3, {(@20, {(@19, @9), (@19, {(@15, @9)})}), (@20, {(@14, {(@4, {(@15, @9)}), (@5, @10)})})})})})}), (@13, {(@19, {(@10, @9)}), (@19, {(@17, {(@18, {(@4, {(@15, {(@10, @9)})}), (@5, @10)})})})})})}, tag=@3
                  INFO return=[{(@13, {(@14, {(@4, {(@15, @9)}), (@5, {(@3, {(@20, {(@19, @9), (@19, {(@15, @9)})}), (@20, {(@14, {(@4, {(@15, @9)}), (@5, @10)})})})})})}), (@13, {(@19, {(@10, @9)}), (@19, {(@17, {(@18, {(@4, {(@15, {(@10, @9)})}), (@5, @10)})})})})}]
                 query_values_axiomatically subject={(@3, {(@13, {(@14, {(@4, {(@15, @9)}), (@5, {(@3, {(@20, {(@19, @9), (@19, {(@15, @9)})}), (@20, {(@14, {(@4, {(@15, @9)}), (@5, @10)})})})})})}), (@13, {(@19, {(@10, @9)}), (@19, {(@17, {(@18, {(@4, {(@15, {(@10, @9)})}), (@5, @10)})})})})})}, tag=@12
                  INFO return=[]
                 query_values_axiomatically subject={(@3, {(@13, {(@14, {(@4, {(@15, @9)}), (@5, {(@3, {(@20, {(@19, @9), (@19, {(@15, @9)})}), (@20, {(@14, {(@4, {(@15, @9)}), (@5, @10)})})})})})}), (@13, {(@19, {(@10, @9)}), (@19, {(@17, {(@18, {(@4, {(@15, {(@10, @9)})}), (@5, @10)})})})})})}, tag=@13
                  INFO return=[]
                 query_values_axiomatically subject={(@3, {(@13, {(@14, {(@4, {(@15, @9)}), (@5, {(@3, {(@20, {(@19, @9), (@19, {(@15, @9)})}), (@20, {(@14, {(@4, {(@15, @9)}), (@5, @10)})})})})})}), (@13, {(@19, {(@10, @9)}), (@19, {(@17, {(@18, {(@4, {(@15, {(@10, @9)})}), (@5, @10)})})})})})}, tag=@25
                  INFO return=[]
                 query_values_axiomatically subject={(@3, {(@13, {(@14, {(@4, {(@15, @9)}), (@5, {(@3, {(@20, {(@19, @9), (@19, {(@15, @9)})}), (@20, {(@14, {(@4, {(@15, @9)}), (@5, @10)})})})})})}), (@13, {(@19, {(@10, @9)}), (@19, {(@17, {(@18, {(@4, {(@15, {(@10, @9)})}), (@5, @10)})})})})})}, tag=@14
                  INFO return=[]
                 query_values_axiomatically subject={(@3, {(@13, {(@14, {(@4, {(@15, @9)}), (@5, {(@3, {(@20, {(@19, @9), (@19, {(@15, @9)})}), (@20, {(@14, {(@4, {(@15, @9)}), (@5, @10)})})})})})}), (@13, {(@19, {(@10, @9)}), (@19, {(@17, {(@18, {(@4, {(@15, {(@10, @9)})}), (@5, @10)})})})})})}, tag=@15
                  INFO return=[]
                 query_values_axiomatically subject={(@3, {(@13, {(@14, {(@4, {(@15, @9)}), (@5, {(@3, {(@20, {(@19, @9), (@19, {(@15, @9)})}), (@20, {(@14, {(@4, {(@15, @9)}), (@5, @10)})})})})})}), (@13, {(@19, {(@10, @9)}), (@19, {(@17, {(@18, {(@4, {(@15, {(@10, @9)})}), (@5, @10)})})})})})}, tag=@17
                  INFO return=[]
                 query_values_axiomatically subject={(@3, {(@13, {(@14, {(@4, {(@15, @9)}), (@5, {(@3, {(@20, {(@19, @9), (@19, {(@15, @9)})}), (@20, {(@14, {(@4, {(@15, @9)}), (@5, @10)})})})})})}), (@13, {(@19, {(@10, @9)}), (@19, {(@17, {(@18, {(@4, {(@15, {(@10, @9)})}), (@5, @10)})})})})})}, tag=@18
                  INFO return=[]
                 query_values_axiomatically subject={(@3, {(@13, {(@14, {(@4, {(@15, @9)}), (@5, {(@3, {(@20, {(@19, @9), (@19, {(@15, @9)})}), (@20, {(@14, {(@4, {(@15, @9)}), (@5, @10)})})})})})}), (@13, {(@19, {(@10, @9)}), (@19, {(@17, {(@18, {(@4, {(@15, {(@10, @9)})}), (@5, @10)})})})})})}, tag=@19
                  INFO return=[]
                 query_values_axiomatically subject={(@3, {(@13, {(@14, {(@4, {(@15, @9)}), (@5, {(@3, {(@20, {(@19, @9), (@19, {(@15, @9)})}), (@20, {(@14, {(@4, {(@15, @9)}), (@5, @10)})})})})})}), (@13, {(@19, {(@10, @9)}), (@19, {(@17, {(@18, {(@4, {(@15, {(@10, @9)})}), (@5, @10)})})})})})}, tag=@20
                  INFO return=[]
                 query_values_axiomatically subject={(@3, {(@13, {(@14, {(@4, {(@15, @9)}), (@5, {(@3, {(@20, {(@19, @9), (@19, {(@15, @9)})}), (@20, {(@14, {(@4, {(@15, @9)}), (@5, @10)})})})})})}), (@13, {(@19, {(@10, @9)}), (@19, {(@17, {(@18, {(@4, {(@15, {(@10, @9)})}), (@5, @10)})})})})})}, tag=@21
                  INFO return=[]
                 query_values_axiomatically subject={(@3, {(@13, {(@14, {(@4, {(@15, @9)}), (@5, {(@3, {(@20, {(@19, @9), (@19, {(@15, @9)})}), (@20, {(@14, {(@4, {(@15, @9)}), (@5, @10)})})})})})}), (@13, {(@19, {(@10, @9)}), (@19, {(@17, {(@18, {(@4, {(@15, {(@10, @9)})}), (@5, @10)})})})})})}, tag=@22
                  INFO return=[]
              INFO return=Some(Computed)
             eval self=@9, ctx=EvaluationContext { stack: [FunctionContext { function: {(@3, {(@3, {(@13, {(@14, {(@4, {(@15, @9)}), (@5, {(@3, {(@20, {(@19, @9), (@19, {(@15, @9)})}), (@20, {(@14, {(@4, {(@15, @9)}), (@5, @10)})})})})})}), (@13, {(@19, {(@10, @9)}), (@19, {(@17, {(@18, {(@4, {(@15, {(@10, @9)})}), (@5, @10)})})})})})})}, parameter: {(@10, @9)} }] }
                 node_type self=@9
                     query_values_axiomatically subject=@9, tag=@3
                      INFO return=[]
                     query_values_axiomatically subject=@9, tag=@12
                      INFO return=[]
                     query_values_axiomatically subject=@9, tag=@13
                      INFO return=[]
                     query_values_axiomatically subject=@9, tag=@25
                      INFO return=[]
                     query_values_axiomatically subject=@9, tag=@14
                      INFO return=[]
                     query_values_axiomatically subject=@9, tag=@15
                      INFO return=[]
                     query_values_axiomatically subject=@9, tag=@17
                      INFO return=[]
                     query_values_axiomatically subject=@9, tag=@18
                      INFO return=[]
                     query_values_axiomatically subject=@9, tag=@19
                      INFO return=[]
                     query_values_axiomatically subject=@9, tag=@20
                      INFO return=[]
                     query_values_axiomatically subject=@9, tag=@21
                      INFO return=[]
                     query_values_axiomatically subject=@9, tag=@22
                      INFO return=[]
                  INFO return=None
              INFO return=@9
             query_values_axiomatically subject={(@3, {(@13, {(@14, {(@4, {(@15, @9)}), (@5, {(@3, {(@20, {(@19, @9), (@19, {(@15, @9)})}), (@20, {(@14, {(@4, {(@15, @9)}), (@5, @10)})})})})})}), (@13, {(@19, {(@10, @9)}), (@19, {(@17, {(@18, {(@4, {(@15, {(@10, @9)})}), (@5, @10)})})})})})}, tag=@3
              INFO return=[{(@13, {(@14, {(@4, {(@15, @9)}), (@5, {(@3, {(@20, {(@19, @9), (@19, {(@15, @9)})}), (@20, {(@14, {(@4, {(@15, @9)}), (@5, @10)})})})})})}), (@13, {(@19, {(@10, @9)}), (@19, {(@17, {(@18, {(@4, {(@15, {(@10, @9)})}), (@5, @10)})})})})}]
             call self={(@13, {(@14, {(@4, {(@15, @9)}), (@5, {(@3, {(@20, {(@19, @9), (@19, {(@15, @9)})}), (@20, {(@14, {(@4, {(@15, @9)}), (@5, @10)})})})})})}), (@13, {(@19, {(@10, @9)}), (@19, {(@17, {(@18, {(@4, {(@15, {(@10, @9)})}), (@5, @10)})})})})}, parameters=[], ctx=EvaluationContext { stack: [FunctionContext { function: {(@3, {(@3, {(@13, {(@14, {(@4, {(@15, @9)}), (@5, {(@3, {(@20, {(@19, @9), (@19, {(@15, @9)})}), (@20, {(@14, {(@4, {(@15, @9)}), (@5, @10)})})})})})}), (@13, {(@19, {(@10, @9)}), (@19, {(@17, {(@18, {(@4, {(@15, {(@10, @9)})}), (@5, @10)})})})})})})}, parameter: {(@10, @9)} }, FunctionContext { function: {(@3, {(@13, {(@14, {(@4, {(@15, @9)}), (@5, {(@3, {(@20, {(@19, @9), (@19, {(@15, @9)})}), (@20, {(@14, {(@4, {(@15, @9)}), (@5, @10)})})})})})}), (@13, {(@19, {(@10, @9)}), (@19, {(@17, {(@18, {(@4, {(@15, {(@10, @9)})}), (@5, @10)})})})})})}, parameter: @9 }] }
                 eval self={(@13, {(@14, {(@4, {(@15, @9)}), (@5, {(@3, {(@20, {(@19, @9), (@19, {(@15, @9)})}), (@20, {(@14, {(@4, {(@15, @9)}), (@5, @10)})})})})})}), (@13, {(@19, {(@10, @9)}), (@19, {(@17, {(@18, {(@4, {(@15, {(@10, @9)})}), (@5, @10)})})})})}, ctx=EvaluationContext { stack: [FunctionContext { function: {(@3, {(@3, {(@13, {(@14, {(@4, {(@15, @9)}), (@5, {(@3, {(@20, {(@19, @9), (@19, {(@15, @9)})}), (@20, {(@14, {(@4, {(@15, @9)}), (@5, @10)})})})})})}), (@13, {(@19, {(@10, @9)}), (@19, {(@17, {(@18, {(@4, {(@15, {(@10, @9)})}), (@5, @10)})})})})})})}, parameter: {(@10, @9)} }, FunctionContext { function: {(@3, {(@13, {(@14, {(@4, {(@15, @9)}), (@5, {(@3, {(@20, {(@19, @9), (@19, {(@15, @9)})}), (@20, {(@14, {(@4, {(@15, @9)}), (@5, @10)})})})})})}), (@13, {(@19, {(@10, @9)}), (@19, {(@17, {(@18, {(@4, {(@15, {(@10, @9)})}), (@5, @10)})})})})})}, parameter: @9 }] }
                     node_type self={(@13, {(@14, {(@4, {(@15, @9)}), (@5, {(@3, {(@20, {(@19, @9), (@19, {(@15, @9)})}), (@20, {(@14, {(@4, {(@15, @9)}), (@5, @10)})})})})})}), (@13, {(@19, {(@10, @9)}), (@19, {(@17, {(@18, {(@4, {(@15, {(@10, @9)})}), (@5, @10)})})})})}
                         query_values_axiomatically subject={(@13, {(@14, {(@4, {(@15, @9)}), (@5, {(@3, {(@20, {(@19, @9), (@19, {(@15, @9)})}), (@20, {(@14, {(@4, {(@15, @9)}), (@5, @10)})})})})})}), (@13, {(@19, {(@10, @9)}), (@19, {(@17, {(@18, {(@4, {(@15, {(@10, @9)})}), (@5, @10)})})})})}, tag=@3
                          INFO return=[]
                         query_values_axiomatically subject={(@13, {(@14, {(@4, {(@15, @9)}), (@5, {(@3, {(@20, {(@19, @9), (@19, {(@15, @9)})}), (@20, {(@14, {(@4, {(@15, @9)}), (@5, @10)})})})})})}), (@13, {(@19, {(@10, @9)}), (@19, {(@17, {(@18, {(@4, {(@15, {(@10, @9)})}), (@5, @10)})})})})}, tag=@12
                          INFO return=[]
                         query_values_axiomatically subject={(@13, {(@14, {(@4, {(@15, @9)}), (@5, {(@3, {(@20, {(@19, @9), (@19, {(@15, @9)})}), (@20, {(@14, {(@4, {(@15, @9)}), (@5, @10)})})})})})}), (@13, {(@19, {(@10, @9)}), (@19, {(@17, {(@18, {(@4, {(@15, {(@10, @9)})}), (@5, @10)})})})})}, tag=@13
                          INFO return=[{(@14, {(@4, {(@15, @9)}), (@5, {(@3, {(@20, {(@19, @9), (@19, {(@15, @9)})}), (@20, {(@14, {(@4, {(@15, @9)}), (@5, @10)})})})})})}, {(@19, {(@10, @9)}), (@19, {(@17, {(@18, {(@4, {(@15, {(@10, @9)})}), (@5, @10)})})})}]
                         query_values_axiomatically subject={(@13, {(@14, {(@4, {(@15, @9)}), (@5, {(@3, {(@20, {(@19, @9), (@19, {(@15, @9)})}), (@20, {(@14, {(@4, {(@15, @9)}), (@5, @10)})})})})})}), (@13, {(@19, {(@10, @9)}), (@19, {(@17, {(@18, {(@4, {(@15, {(@10, @9)})}), (@5, @10)})})})})}, tag=@25
                          INFO return=[]
                         query_values_axiomatically subject={(@13, {(@14, {(@4, {(@15, @9)}), (@5, {(@3, {(@20, {(@19, @9), (@19, {(@15, @9)})}), (@20, {(@14, {(@4, {(@15, @9)}), (@5, @10)})})})})})}), (@13, {(@19, {(@10, @9)}), (@19, {(@17, {(@18, {(@4, {(@15, {(@10, @9)})}), (@5, @10)})})})})}, tag=@14
                          INFO return=[]
                         query_values_axiomatically subject={(@13, {(@14, {(@4, {(@15, @9)}), (@5, {(@3, {(@20, {(@19, @9), (@19, {(@15, @9)})}), (@20, {(@14, {(@4, {(@15, @9)}), (@5, @10)})})})})})}), (@13, {(@19, {(@10, @9)}), (@19, {(@17, {(@18, {(@4, {(@15, {(@10, @9)})}), (@5, @10)})})})})}, tag=@15
                          INFO return=[]
                         query_values_axiomatically subject={(@13, {(@14, {(@4, {(@15, @9)}), (@5, {(@3, {(@20, {(@19, @9), (@19, {(@15, @9)})}), (@20, {(@14, {(@4, {(@15, @9)}), (@5, @10)})})})})})}), (@13, {(@19, {(@10, @9)}), (@19, {(@17, {(@18, {(@4, {(@15, {(@10, @9)})}), (@5, @10)})})})})}, tag=@17
                          INFO return=[]
                         query_values_axiomatically subject={(@13, {(@14, {(@4, {(@15, @9)}), (@5, {(@3, {(@20, {(@19, @9), (@19, {(@15, @9)})}), (@20, {(@14, {(@4, {(@15, @9)}), (@5, @10)})})})})})}), (@13, {(@19, {(@10, @9)}), (@19, {(@17, {(@18, {(@4, {(@15, {(@10, @9)})}), (@5, @10)})})})})}, tag=@18
                          INFO return=[]
                         query_values_axiomatically subject={(@13, {(@14, {(@4, {(@15, @9)}), (@5, {(@3, {(@20, {(@19, @9), (@19, {(@15, @9)})}), (@20, {(@14, {(@4, {(@15, @9)}), (@5, @10)})})})})})}), (@13, {(@19, {(@10, @9)}), (@19, {(@17, {(@18, {(@4, {(@15, {(@10, @9)})}), (@5, @10)})})})})}, tag=@19
                          INFO return=[]
                         query_values_axiomatically subject={(@13, {(@14, {(@4, {(@15, @9)}), (@5, {(@3, {(@20, {(@19, @9), (@19, {(@15, @9)})}), (@20, {(@14, {(@4, {(@15, @9)}), (@5, @10)})})})})})}), (@13, {(@19, {(@10, @9)}), (@19, {(@17, {(@18, {(@4, {(@15, {(@10, @9)})}), (@5, @10)})})})})}, tag=@20
                          INFO return=[]
                         query_values_axiomatically subject={(@13, {(@14, {(@4, {(@15, @9)}), (@5, {(@3, {(@20, {(@19, @9), (@19, {(@15, @9)})}), (@20, {(@14, {(@4, {(@15, @9)}), (@5, @10)})})})})})}), (@13, {(@19, {(@10, @9)}), (@19, {(@17, {(@18, {(@4, {(@15, {(@10, @9)})}), (@5, @10)})})})})}, tag=@21
                          INFO return=[]
                         query_values_axiomatically subject={(@13, {(@14, {(@4, {(@15, @9)}), (@5, {(@3, {(@20, {(@19, @9), (@19, {(@15, @9)})}), (@20, {(@14, {(@4, {(@15, @9)}), (@5, @10)})})})})})}), (@13, {(@19, {(@10, @9)}), (@19, {(@17, {(@18, {(@4, {(@15, {(@10, @9)})}), (@5, @10)})})})})}, tag=@22
                          INFO return=[]
                      INFO return=Some(And)
                     query_values_axiomatically subject={(@13, {(@14, {(@4, {(@15, @9)}), (@5, {(@3, {(@20, {(@19, @9), (@19, {(@15, @9)})}), (@20, {(@14, {(@4, {(@15, @9)}), (@5, @10)})})})})})}), (@13, {(@19, {(@10, @9)}), (@19, {(@17, {(@18, {(@4, {(@15, {(@10, @9)})}), (@5, @10)})})})})}, tag=@13
                      INFO return=[{(@14, {(@4, {(@15, @9)}), (@5, {(@3, {(@20, {(@19, @9), (@19, {(@15, @9)})}), (@20, {(@14, {(@4, {(@15, @9)}), (@5, @10)})})})})})}, {(@19, {(@10, @9)}), (@19, {(@17, {(@18, {(@4, {(@15, {(@10, @9)})}), (@5, @10)})})})}]
                     eval self={(@14, {(@4, {(@15, @9)}), (@5, {(@3, {(@20, {(@19, @9), (@19, {(@15, @9)})}), (@20, {(@14, {(@4, {(@15, @9)}), (@5, @10)})})})})})}, ctx=EvaluationContext { stack: [FunctionContext { function: {(@3, {(@3, {(@13, {(@14, {(@4, {(@15, @9)}), (@5, {(@3, {(@20, {(@19, @9), (@19, {(@15, @9)})}), (@20, {(@14, {(@4, {(@15, @9)}), (@5, @10)})})})})})}), (@13, {(@19, {(@10, @9)}), (@19, {(@17, {(@18, {(@4, {(@15, {(@10, @9)})}), (@5, @10)})})})})})})}, parameter: {(@10, @9)} }, FunctionContext { function: {(@3, {(@13, {(@14, {(@4, {(@15, @9)}), (@5, {(@3, {(@20, {(@19, @9), (@19, {(@15, @9)})}), (@20, {(@14, {(@4, {(@15, @9)}), (@5, @10)})})})})})}), (@13, {(@19, {(@10, @9)}), (@19, {(@17, {(@18, {(@4, {(@15, {(@10, @9)})}), (@5, @10)})})})})})}, parameter: @9 }] }
                         node_type self={(@14, {(@4, {(@15, @9)}), (@5, {(@3, {(@20, {(@19, @9), (@19, {(@15, @9)})}), (@20, {(@14, {(@4, {(@15, @9)}), (@5, @10)})})})})})}
                             query_values_axiomatically subject={(@14, {(@4, {(@15, @9)}), (@5, {(@3, {(@20, {(@19, @9), (@19, {(@15, @9)})}), (@20, {(@14, {(@4, {(@15, @9)}), (@5, @10)})})})})})}, tag=@3
                              INFO return=[]
                             query_values_axiomatically subject={(@14, {(@4, {(@15, @9)}), (@5, {(@3, {(@20, {(@19, @9), (@19, {(@15, @9)})}), (@20, {(@14, {(@4, {(@15, @9)}), (@5, @10)})})})})})}, tag=@12
                              INFO return=[]
                             query_values_axiomatically subject={(@14, {(@4, {(@15, @9)}), (@5, {(@3, {(@20, {(@19, @9), (@19, {(@15, @9)})}), (@20, {(@14, {(@4, {(@15, @9)}), (@5, @10)})})})})})}, tag=@13
                              INFO return=[]
                             query_values_axiomatically subject={(@14, {(@4, {(@15, @9)}), (@5, {(@3, {(@20, {(@19, @9), (@19, {(@15, @9)})}), (@20, {(@14, {(@4, {(@15, @9)}), (@5, @10)})})})})})}, tag=@25
                              INFO return=[]
                             query_values_axiomatically subject={(@14, {(@4, {(@15, @9)}), (@5, {(@3, {(@20, {(@19, @9), (@19, {(@15, @9)})}), (@20, {(@14, {(@4, {(@15, @9)}), (@5, @10)})})})})})}, tag=@14
                              INFO return=[{(@4, {(@15, @9)}), (@5, {(@3, {(@20, {(@19, @9), (@19, {(@15, @9)})}), (@20, {(@14, {(@4, {(@15, @9)}), (@5, @10)})})})})}]
                             query_values_axiomatically subject={(@14, {(@4, {(@15, @9)}), (@5, {(@3, {(@20, {(@19, @9), (@19, {(@15, @9)})}), (@20, {(@14, {(@4, {(@15, @9)}), (@5, @10)})})})})})}, tag=@15
                              INFO return=[]
                             query_values_axiomatically subject={(@14, {(@4, {(@15, @9)}), (@5, {(@3, {(@20, {(@19, @9), (@19, {(@15, @9)})}), (@20, {(@14, {(@4, {(@15, @9)}), (@5, @10)})})})})})}, tag=@17
                              INFO return=[]
                             query_values_axiomatically subject={(@14, {(@4, {(@15, @9)}), (@5, {(@3, {(@20, {(@19, @9), (@19, {(@15, @9)})}), (@20, {(@14, {(@4, {(@15, @9)}), (@5, @10)})})})})})}, tag=@18
                              INFO return=[]
                             query_values_axiomatically subject={(@14, {(@4, {(@15, @9)}), (@5, {(@3, {(@20, {(@19, @9), (@19, {(@15, @9)})}), (@20, {(@14, {(@4, {(@15, @9)}), (@5, @10)})})})})})}, tag=@19
                              INFO return=[]
                             query_values_axiomatically subject={(@14, {(@4, {(@15, @9)}), (@5, {(@3, {(@20, {(@19, @9), (@19, {(@15, @9)})}), (@20, {(@14, {(@4, {(@15, @9)}), (@5, @10)})})})})})}, tag=@20
                              INFO return=[]
                             query_values_axiomatically subject={(@14, {(@4, {(@15, @9)}), (@5, {(@3, {(@20, {(@19, @9), (@19, {(@15, @9)})}), (@20, {(@14, {(@4, {(@15, @9)}), (@5, @10)})})})})})}, tag=@21
                              INFO return=[]
                             query_values_axiomatically subject={(@14, {(@4, {(@15, @9)}), (@5, {(@3, {(@20, {(@19, @9), (@19, {(@15, @9)})}), (@20, {(@14, {(@4, {(@15, @9)}), (@5, @10)})})})})})}, tag=@22
                              INFO return=[]
                          INFO return=Some(Exists)
                         query_values_axiomatically subject={(@14, {(@4, {(@15, @9)}), (@5, {(@3, {(@20, {(@19, @9), (@19, {(@15, @9)})}), (@20, {(@14, {(@4, {(@15, @9)}), (@5, @10)})})})})})}, tag=@14
                          INFO return=[{(@4, {(@15, @9)}), (@5, {(@3, {(@20, {(@19, @9), (@19, {(@15, @9)})}), (@20, {(@14, {(@4, {(@15, @9)}), (@5, @10)})})})})}]
                         query_values_axiomatically subject={(@4, {(@15, @9)}), (@5, {(@3, {(@20, {(@19, @9), (@19, {(@15, @9)})}), (@20, {(@14, {(@4, {(@15, @9)}), (@5, @10)})})})})}, tag=@4
                          INFO return=[{(@15, @9)}]
                         query_values_axiomatically subject={(@4, {(@15, @9)}), (@5, {(@3, {(@20, {(@19, @9), (@19, {(@15, @9)})}), (@20, {(@14, {(@4, {(@15, @9)}), (@5, @10)})})})})}, tag=@5
                          INFO return=[{(@3, {(@20, {(@19, @9), (@19, {(@15, @9)})}), (@20, {(@14, {(@4, {(@15, @9)}), (@5, @10)})})})}]
                         query_values_axiomatically subject={(@4, {(@15, @9)}), (@5, {(@3, {(@20, {(@19, @9), (@19, {(@15, @9)})}), (@20, {(@14, {(@4, {(@15, @9)}), (@5, @10)})})})})}, tag=@6
                          INFO return=[]
                         eval self={(@15, @9)}, ctx=EvaluationContext { stack: [FunctionContext { function: {(@3, {(@3, {(@13, {(@14, {(@4, {(@15, @9)}), (@5, {(@3, {(@20, {(@19, @9), (@19, {(@15, @9)})}), (@20, {(@14, {(@4, {(@15, @9)}), (@5, @10)})})})})})}), (@13, {(@19, {(@10, @9)}), (@19, {(@17, {(@18, {(@4, {(@15, {(@10, @9)})}), (@5, @10)})})})})})})}, parameter: {(@10, @9)} }, FunctionContext { function: {(@3, {(@13, {(@14, {(@4, {(@15, @9)}), (@5, {(@3, {(@20, {(@19, @9), (@19, {(@15, @9)})}), (@20, {(@14, {(@4, {(@15, @9)}), (@5, @10)})})})})})}), (@13, {(@19, {(@10, @9)}), (@19, {(@17, {(@18, {(@4, {(@15, {(@10, @9)})}), (@5, @10)})})})})})}, parameter: @9 }] }
                             node_type self={(@15, @9)}
                                 query_values_axiomatically subject={(@15, @9)}, tag=@3
                                  INFO return=[]
                                 query_values_axiomatically subject={(@15, @9)}, tag=@12
                                  INFO return=[]
                                 query_values_axiomatically subject={(@15, @9)}, tag=@13
                                  INFO return=[]
                                 query_values_axiomatically subject={(@15, @9)}, tag=@25
                                  INFO return=[]
                                 query_values_axiomatically subject={(@15, @9)}, tag=@14
                                  INFO return=[]
                                 query_values_axiomatically subject={(@15, @9)}, tag=@15
                                  INFO return=[@9]
                                 query_values_axiomatically subject={(@15, @9)}, tag=@17
                                  INFO return=[]
                                 query_values_axiomatically subject={(@15, @9)}, tag=@18
                                  INFO return=[]
                                 query_values_axiomatically subject={(@15, @9)}, tag=@19
                                  INFO return=[]
                                 query_values_axiomatically subject={(@15, @9)}, tag=@20
                                  INFO return=[]
                                 query_values_axiomatically subject={(@15, @9)}, tag=@21
                                  INFO return=[]
                                 query_values_axiomatically subject={(@15, @9)}, tag=@22
                                  INFO return=[]
                              INFO return=Some(Parameter)
                             query_values_axiomatically subject={(@15, @9)}, tag=@15
                              INFO return=[@9]
                             to_natural_number self=@9
                              INFO return=Some(0)
                             parameter_value self=EvaluationContext { stack: [FunctionContext { function: {(@3, {(@3, {(@13, {(@14, {(@4, {(@15, @9)}), (@5, {(@3, {(@20, {(@19, @9), (@19, {(@15, @9)})}), (@20, {(@14, {(@4, {(@15, @9)}), (@5, @10)})})})})})}), (@13, {(@19, {(@10, @9)}), (@19, {(@17, {(@18, {(@4, {(@15, {(@10, @9)})}), (@5, @10)})})})})})})}, parameter: {(@10, @9)} }, FunctionContext { function: {(@3, {(@13, {(@14, {(@4, {(@15, @9)}), (@5, {(@3, {(@20, {(@19, @9), (@19, {(@15, @9)})}), (@20, {(@14, {(@4, {(@15, @9)}), (@5, @10)})})})})})}), (@13, {(@19, {(@10, @9)}), (@19, {(@17, {(@18, {(@4, {(@15, {(@10, @9)})}), (@5, @10)})})})})})}, parameter: @9 }] }, relative_depth=0
                              INFO return=@9
                          INFO return=@9
                         eval self={(@3, {(@20, {(@19, @9), (@19, {(@15, @9)})}), (@20, {(@14, {(@4, {(@15, @9)}), (@5, @10)})})})}, ctx=EvaluationContext { stack: [FunctionContext { function: {(@3, {(@3, {(@13, {(@14, {(@4, {(@15, @9)}), (@5, {(@3, {(@20, {(@19, @9), (@19, {(@15, @9)})}), (@20, {(@14, {(@4, {(@15, @9)}), (@5, @10)})})})})})}), (@13, {(@19, {(@10, @9)}), (@19, {(@17, {(@18, {(@4, {(@15, {(@10, @9)})}), (@5, @10)})})})})})})}, parameter: {(@10, @9)} }, FunctionContext { function: {(@3, {(@13, {(@14, {(@4, {(@15, @9)}), (@5, {(@3, {(@20, {(@19, @9), (@19, {(@15, @9)})}), (@20, {(@14, {(@4, {(@15, @9)}), (@5, @10)})})})})})}), (@13, {(@19, {(@10, @9)}), (@19, {(@17, {(@18, {(@4, {(@15, {(@10, @9)})}), (@5, @10)})})})})})}, parameter: @9 }] }
                             node_type self={(@3, {(@20, {(@19, @9), (@19, {(@15, @9)})}), (@20, {(@14, {(@4, {(@15, @9)}), (@5, @10)})})})}
                                 query_values_axiomatically subject={(@3, {(@20, {(@19, @9), (@19, {(@15, @9)})}), (@20, {(@14, {(@4, {(@15, @9)}), (@5, @10)})})})}, tag=@3
                                  INFO return=[{(@20, {(@19, @9), (@19, {(@15, @9)})}), (@20, {(@14, {(@4, {(@15, @9)}), (@5, @10)})})}]
                                 query_values_axiomatically subject={(@3, {(@20, {(@19, @9), (@19, {(@15, @9)})}), (@20, {(@14, {(@4, {(@15, @9)}), (@5, @10)})})})}, tag=@12
                                  INFO return=[]
                                 query_values_axiomatically subject={(@3, {(@20, {(@19, @9), (@19, {(@15, @9)})}), (@20, {(@14, {(@4, {(@15, @9)}), (@5, @10)})})})}, tag=@13
                                  INFO return=[]
                                 query_values_axiomatically subject={(@3, {(@20, {(@19, @9), (@19, {(@15, @9)})}), (@20, {(@14, {(@4, {(@15, @9)}), (@5, @10)})})})}, tag=@25
                                  INFO return=[]
                                 query_values_axiomatically subject={(@3, {(@20, {(@19, @9), (@19, {(@15, @9)})}), (@20, {(@14, {(@4, {(@15, @9)}), (@5, @10)})})})}, tag=@14
                                  INFO return=[]
                                 query_values_axiomatically subject={(@3, {(@20, {(@19, @9), (@19, {(@15, @9)})}), (@20, {(@14, {(@4, {(@15, @9)}), (@5, @10)})})})}, tag=@15
                                  INFO return=[]
                                 query_values_axiomatically subject={(@3, {(@20, {(@19, @9), (@19, {(@15, @9)})}), (@20, {(@14, {(@4, {(@15, @9)}), (@5, @10)})})})}, tag=@17
                                  INFO return=[]
                                 query_values_axiomatically subject={(@3, {(@20, {(@19, @9), (@19, {(@15, @9)})}), (@20, {(@14, {(@4, {(@15, @9)}), (@5, @10)})})})}, tag=@18
                                  INFO return=[]
                                 query_values_axiomatically subject={(@3, {(@20, {(@19, @9), (@19, {(@15, @9)})}), (@20, {(@14, {(@4, {(@15, @9)}), (@5, @10)})})})}, tag=@19
                                  INFO return=[]
                                 query_values_axiomatically subject={(@3, {(@20, {(@19, @9), (@19, {(@15, @9)})}), (@20, {(@14, {(@4, {(@15, @9)}), (@5, @10)})})})}, tag=@20
                                  INFO return=[]
                                 query_values_axiomatically subject={(@3, {(@20, {(@19, @9), (@19, {(@15, @9)})}), (@20, {(@14, {(@4, {(@15, @9)}), (@5, @10)})})})}, tag=@21
                                  INFO return=[]
                                 query_values_axiomatically subject={(@3, {(@20, {(@19, @9), (@19, {(@15, @9)})}), (@20, {(@14, {(@4, {(@15, @9)}), (@5, @10)})})})}, tag=@22
                                  INFO return=[]
                              INFO return=Some(Computed)
                             capture self={(@3, {(@20, {(@19, @9), (@19, {(@15, @9)})}), (@20, {(@14, {(@4, {(@15, @9)}), (@5, @10)})})})}, additional_depth=0, ctx=EvaluationContext { stack: [FunctionContext { function: {(@3, {(@3, {(@13, {(@14, {(@4, {(@15, @9)}), (@5, {(@3, {(@20, {(@19, @9), (@19, {(@15, @9)})}), (@20, {(@14, {(@4, {(@15, @9)}), (@5, @10)})})})})})}), (@13, {(@19, {(@10, @9)}), (@19, {(@17, {(@18, {(@4, {(@15, {(@10, @9)})}), (@5, @10)})})})})})})}, parameter: {(@10, @9)} }, FunctionContext { function: {(@3, {(@13, {(@14, {(@4, {(@15, @9)}), (@5, {(@3, {(@20, {(@19, @9), (@19, {(@15, @9)})}), (@20, {(@14, {(@4, {(@15, @9)}), (@5, @10)})})})})})}), (@13, {(@19, {(@10, @9)}), (@19, {(@17, {(@18, {(@4, {(@15, {(@10, @9)})}), (@5, @10)})})})})})}, parameter: @9 }] }
                                 node_type self={(@3, {(@20, {(@19, @9), (@19, {(@15, @9)})}), (@20, {(@14, {(@4, {(@15, @9)}), (@5, @10)})})})}
                                     query_values_axiomatically subject={(@3, {(@20, {(@19, @9), (@19, {(@15, @9)})}), (@20, {(@14, {(@4, {(@15, @9)}), (@5, @10)})})})}, tag=@3
                                      INFO return=[{(@20, {(@19, @9), (@19, {(@15, @9)})}), (@20, {(@14, {(@4, {(@15, @9)}), (@5, @10)})})}]
                                     query_values_axiomatically subject={(@3, {(@20, {(@19, @9), (@19, {(@15, @9)})}), (@20, {(@14, {(@4, {(@15, @9)}), (@5, @10)})})})}, tag=@12
                                      INFO return=[]
                                     query_values_axiomatically subject={(@3, {(@20, {(@19, @9), (@19, {(@15, @9)})}), (@20, {(@14, {(@4, {(@15, @9)}), (@5, @10)})})})}, tag=@13
                                      INFO return=[]
                                     query_values_axiomatically subject={(@3, {(@20, {(@19, @9), (@19, {(@15, @9)})}), (@20, {(@14, {(@4, {(@15, @9)}), (@5, @10)})})})}, tag=@25
                                      INFO return=[]
                                     query_values_axiomatically subject={(@3, {(@20, {(@19, @9), (@19, {(@15, @9)})}), (@20, {(@14, {(@4, {(@15, @9)}), (@5, @10)})})})}, tag=@14
                                      INFO return=[]
                                     query_values_axiomatically subject={(@3, {(@20, {(@19, @9), (@19, {(@15, @9)})}), (@20, {(@14, {(@4, {(@15, @9)}), (@5, @10)})})})}, tag=@15
                                      INFO return=[]
                                     query_values_axiomatically subject={(@3, {(@20, {(@19, @9), (@19, {(@15, @9)})}), (@20, {(@14, {(@4, {(@15, @9)}), (@5, @10)})})})}, tag=@17
                                      INFO return=[]
                                     query_values_axiomatically subject={(@3, {(@20, {(@19, @9), (@19, {(@15, @9)})}), (@20, {(@14, {(@4, {(@15, @9)}), (@5, @10)})})})}, tag=@18
                                      INFO return=[]
                                     query_values_axiomatically subject={(@3, {(@20, {(@19, @9), (@19, {(@15, @9)})}), (@20, {(@14, {(@4, {(@15, @9)}), (@5, @10)})})})}, tag=@19
                                      INFO return=[]
                                     query_values_axiomatically subject={(@3, {(@20, {(@19, @9), (@19, {(@15, @9)})}), (@20, {(@14, {(@4, {(@15, @9)}), (@5, @10)})})})}, tag=@20
                                      INFO return=[]
                                     query_values_axiomatically subject={(@3, {(@20, {(@19, @9), (@19, {(@15, @9)})}), (@20, {(@14, {(@4, {(@15, @9)}), (@5, @10)})})})}, tag=@21
                                      INFO return=[]
                                     query_values_axiomatically subject={(@3, {(@20, {(@19, @9), (@19, {(@15, @9)})}), (@20, {(@14, {(@4, {(@15, @9)}), (@5, @10)})})})}, tag=@22
                                      INFO return=[]
                                  INFO return=Some(Computed)
                                 query_values_axiomatically subject={(@3, {(@20, {(@19, @9), (@19, {(@15, @9)})}), (@20, {(@14, {(@4, {(@15, @9)}), (@5, @10)})})})}, tag=@3
                                  INFO return=[{(@20, {(@19, @9), (@19, {(@15, @9)})}), (@20, {(@14, {(@4, {(@15, @9)}), (@5, @10)})})}]
                                 capture self={(@20, {(@19, @9), (@19, {(@15, @9)})}), (@20, {(@14, {(@4, {(@15, @9)}), (@5, @10)})})}, additional_depth=1, ctx=EvaluationContext { stack: [FunctionContext { function: {(@3, {(@3, {(@13, {(@14, {(@4, {(@15, @9)}), (@5, {(@3, {(@20, {(@19, @9), (@19, {(@15, @9)})}), (@20, {(@14, {(@4, {(@15, @9)}), (@5, @10)})})})})})}), (@13, {(@19, {(@10, @9)}), (@19, {(@17, {(@18, {(@4, {(@15, {(@10, @9)})}), (@5, @10)})})})})})})}, parameter: {(@10, @9)} }, FunctionContext { function: {(@3, {(@13, {(@14, {(@4, {(@15, @9)}), (@5, {(@3, {(@20, {(@19, @9), (@19, {(@15, @9)})}), (@20, {(@14, {(@4, {(@15, @9)}), (@5, @10)})})})})})}), (@13, {(@19, {(@10, @9)}), (@19, {(@17, {(@18, {(@4, {(@15, {(@10, @9)})}), (@5, @10)})})})})})}, parameter: @9 }] }
                                     node_type self={(@20, {(@19, @9), (@19, {(@15, @9)})}), (@20, {(@14, {(@4, {(@15, @9)}), (@5, @10)})})}
                                         query_values_axiomatically subject={(@20, {(@19, @9), (@19, {(@15, @9)})}), (@20, {(@14, {(@4, {(@15, @9)}), (@5, @10)})})}, tag=@3
                                          INFO return=[]
                                         query_values_axiomatically subject={(@20, {(@19, @9), (@19, {(@15, @9)})}), (@20, {(@14, {(@4, {(@15, @9)}), (@5, @10)})})}, tag=@12
                                          INFO return=[]
                                         query_values_axiomatically subject={(@20, {(@19, @9), (@19, {(@15, @9)})}), (@20, {(@14, {(@4, {(@15, @9)}), (@5, @10)})})}, tag=@13
                                          INFO return=[]
                                         query_values_axiomatically subject={(@20, {(@19, @9), (@19, {(@15, @9)})}), (@20, {(@14, {(@4, {(@15, @9)}), (@5, @10)})})}, tag=@25
                                          INFO return=[]
                                         query_values_axiomatically subject={(@20, {(@19, @9), (@19, {(@15, @9)})}), (@20, {(@14, {(@4, {(@15, @9)}), (@5, @10)})})}, tag=@14
                                          INFO return=[]
                                         query_values_axiomatically subject={(@20, {(@19, @9), (@19, {(@15, @9)})}), (@20, {(@14, {(@4, {(@15, @9)}), (@5, @10)})})}, tag=@15
                                          INFO return=[]
                                         query_values_axiomatically subject={(@20, {(@19, @9), (@19, {(@15, @9)})}), (@20, {(@14, {(@4, {(@15, @9)}), (@5, @10)})})}, tag=@17
                                          INFO return=[]
                                         query_values_axiomatically subject={(@20, {(@19, @9), (@19, {(@15, @9)})}), (@20, {(@14, {(@4, {(@15, @9)}), (@5, @10)})})}, tag=@18
                                          INFO return=[]
                                         query_values_axiomatically subject={(@20, {(@19, @9), (@19, {(@15, @9)})}), (@20, {(@14, {(@4, {(@15, @9)}), (@5, @10)})})}, tag=@19
                                          INFO return=[]
                                         query_values_axiomatically subject={(@20, {(@19, @9), (@19, {(@15, @9)})}), (@20, {(@14, {(@4, {(@15, @9)}), (@5, @10)})})}, tag=@20
                                          INFO return=[{(@19, @9), (@19, {(@15, @9)})}, {(@14, {(@4, {(@15, @9)}), (@5, @10)})}]
                                         query_values_axiomatically subject={(@20, {(@19, @9), (@19, {(@15, @9)})}), (@20, {(@14, {(@4, {(@15, @9)}), (@5, @10)})})}, tag=@21
                                          INFO return=[]
                                         query_values_axiomatically subject={(@20, {(@19, @9), (@19, {(@15, @9)})}), (@20, {(@14, {(@4, {(@15, @9)}), (@5, @10)})})}, tag=@22
                                          INFO return=[]
                                      INFO return=Some(Or)
                                     capture self={(@19, @9), (@19, {(@15, @9)})}, additional_depth=1, ctx=EvaluationContext { stack: [FunctionContext { function: {(@3, {(@3, {(@13, {(@14, {(@4, {(@15, @9)}), (@5, {(@3, {(@20, {(@19, @9), (@19, {(@15, @9)})}), (@20, {(@14, {(@4, {(@15, @9)}), (@5, @10)})})})})})}), (@13, {(@19, {(@10, @9)}), (@19, {(@17, {(@18, {(@4, {(@15, {(@10, @9)})}), (@5, @10)})})})})})})}, parameter: {(@10, @9)} }, FunctionContext { function: {(@3, {(@13, {(@14, {(@4, {(@15, @9)}), (@5, {(@3, {(@20, {(@19, @9), (@19, {(@15, @9)})}), (@20, {(@14, {(@4, {(@15, @9)}), (@5, @10)})})})})})}), (@13, {(@19, {(@10, @9)}), (@19, {(@17, {(@18, {(@4, {(@15, {(@10, @9)})}), (@5, @10)})})})})})}, parameter: @9 }] }
                                         node_type self={(@19, @9), (@19, {(@15, @9)})}
                                             query_values_axiomatically subject={(@19, @9), (@19, {(@15, @9)})}, tag=@3
                                              INFO return=[]
                                             query_values_axiomatically subject={(@19, @9), (@19, {(@15, @9)})}, tag=@12
                                              INFO return=[]
                                             query_values_axiomatically subject={(@19, @9), (@19, {(@15, @9)})}, tag=@13
                                              INFO return=[]
                                             query_values_axiomatically subject={(@19, @9), (@19, {(@15, @9)})}, tag=@25
                                              INFO return=[]
                                             query_values_axiomatically subject={(@19, @9), (@19, {(@15, @9)})}, tag=@14
                                              INFO return=[]
                                             query_values_axiomatically subject={(@19, @9), (@19, {(@15, @9)})}, tag=@15
                                              INFO return=[]
                                             query_values_axiomatically subject={(@19, @9), (@19, {(@15, @9)})}, tag=@17
                                              INFO return=[]
                                             query_values_axiomatically subject={(@19, @9), (@19, {(@15, @9)})}, tag=@18
                                              INFO return=[]
                                             query_values_axiomatically subject={(@19, @9), (@19, {(@15, @9)})}, tag=@19
                                              INFO return=[@9, {(@15, @9)}]
                                             query_values_axiomatically subject={(@19, @9), (@19, {(@15, @9)})}, tag=@20
                                              INFO return=[]
                                             query_values_axiomatically subject={(@19, @9), (@19, {(@15, @9)})}, tag=@21
                                              INFO return=[]
                                             query_values_axiomatically subject={(@19, @9), (@19, {(@15, @9)})}, tag=@22
                                              INFO return=[]
                                          INFO return=Some(Equal)
                                         capture self=@9, additional_depth=1, ctx=EvaluationContext { stack: [FunctionContext { function: {(@3, {(@3, {(@13, {(@14, {(@4, {(@15, @9)}), (@5, {(@3, {(@20, {(@19, @9), (@19, {(@15, @9)})}), (@20, {(@14, {(@4, {(@15, @9)}), (@5, @10)})})})})})}), (@13, {(@19, {(@10, @9)}), (@19, {(@17, {(@18, {(@4, {(@15, {(@10, @9)})}), (@5, @10)})})})})})})}, parameter: {(@10, @9)} }, FunctionContext { function: {(@3, {(@13, {(@14, {(@4, {(@15, @9)}), (@5, {(@3, {(@20, {(@19, @9), (@19, {(@15, @9)})}), (@20, {(@14, {(@4, {(@15, @9)}), (@5, @10)})})})})})}), (@13, {(@19, {(@10, @9)}), (@19, {(@17, {(@18, {(@4, {(@15, {(@10, @9)})}), (@5, @10)})})})})})}, parameter: @9 }] }
                                             node_type self=@9
                                                 query_values_axiomatically subject=@9, tag=@3
                                                  INFO return=[]
                                                 query_values_axiomatically subject=@9, tag=@12
                                                  INFO return=[]
                                                 query_values_axiomatically subject=@9, tag=@13
                                                  INFO return=[]
                                                 query_values_axiomatically subject=@9, tag=@25
                                                  INFO return=[]
                                                 query_values_axiomatically subject=@9, tag=@14
                                                  INFO return=[]
                                                 query_values_axiomatically subject=@9, tag=@15
                                                  INFO return=[]
                                                 query_values_axiomatically subject=@9, tag=@17
                                                  INFO return=[]
                                                 query_values_axiomatically subject=@9, tag=@18
                                                  INFO return=[]
                                                 query_values_axiomatically subject=@9, tag=@19
                                                  INFO return=[]
                                                 query_values_axiomatically subject=@9, tag=@20
                                                  INFO return=[]
                                                 query_values_axiomatically subject=@9, tag=@21
                                                  INFO return=[]
                                                 query_values_axiomatically subject=@9, tag=@22
                                                  INFO return=[]
                                              INFO return=None
                                          INFO return=@9
                                         capture self={(@15, @9)}, additional_depth=1, ctx=EvaluationContext { stack: [FunctionContext { function: {(@3, {(@3, {(@13, {(@14, {(@4, {(@15, @9)}), (@5, {(@3, {(@20, {(@19, @9), (@19, {(@15, @9)})}), (@20, {(@14, {(@4, {(@15, @9)}), (@5, @10)})})})})})}), (@13, {(@19, {(@10, @9)}), (@19, {(@17, {(@18, {(@4, {(@15, {(@10, @9)})}), (@5, @10)})})})})})})}, parameter: {(@10, @9)} }, FunctionContext { function: {(@3, {(@13, {(@14, {(@4, {(@15, @9)}), (@5, {(@3, {(@20, {(@19, @9), (@19, {(@15, @9)})}), (@20, {(@14, {(@4, {(@15, @9)}), (@5, @10)})})})})})}), (@13, {(@19, {(@10, @9)}), (@19, {(@17, {(@18, {(@4, {(@15, {(@10, @9)})}), (@5, @10)})})})})})}, parameter: @9 }] }
                                             node_type self={(@15, @9)}
                                                 query_values_axiomatically subject={(@15, @9)}, tag=@3
                                                  INFO return=[]
                                                 query_values_axiomatically subject={(@15, @9)}, tag=@12
                                                  INFO return=[]
                                                 query_values_axiomatically subject={(@15, @9)}, tag=@13
                                                  INFO return=[]
                                                 query_values_axiomatically subject={(@15, @9)}, tag=@25
                                                  INFO return=[]
                                                 query_values_axiomatically subject={(@15, @9)}, tag=@14
                                                  INFO return=[]
                                                 query_values_axiomatically subject={(@15, @9)}, tag=@15
                                                  INFO return=[@9]
                                                 query_values_axiomatically subject={(@15, @9)}, tag=@17
                                                  INFO return=[]
                                                 query_values_axiomatically subject={(@15, @9)}, tag=@18
                                                  INFO return=[]
                                                 query_values_axiomatically subject={(@15, @9)}, tag=@19
                                                  INFO return=[]
                                                 query_values_axiomatically subject={(@15, @9)}, tag=@20
                                                  INFO return=[]
                                                 query_values_axiomatically subject={(@15, @9)}, tag=@21
                                                  INFO return=[]
                                                 query_values_axiomatically subject={(@15, @9)}, tag=@22
                                                  INFO return=[]
                                              INFO return=Some(Parameter)
                                             query_values_axiomatically subject={(@15, @9)}, tag=@15
                                              INFO return=[@9]
                                             to_natural_number self=@9
                                              INFO return=Some(0)
                                          INFO return={(@15, @9)}
                                      INFO return={(@19, @9), (@19, {(@15, @9)})}
                                     capture self={(@14, {(@4, {(@15, @9)}), (@5, @10)})}, additional_depth=1, ctx=EvaluationContext { stack: [FunctionContext { function: {(@3, {(@3, {(@13, {(@14, {(@4, {(@15, @9)}), (@5, {(@3, {(@20, {(@19, @9), (@19, {(@15, @9)})}), (@20, {(@14, {(@4, {(@15, @9)}), (@5, @10)})})})})})}), (@13, {(@19, {(@10, @9)}), (@19, {(@17, {(@18, {(@4, {(@15, {(@10, @9)})}), (@5, @10)})})})})})})}, parameter: {(@10, @9)} }, FunctionContext { function: {(@3, {(@13, {(@14, {(@4, {(@15, @9)}), (@5, {(@3, {(@20, {(@19, @9), (@19, {(@15, @9)})}), (@20, {(@14, {(@4, {(@15, @9)}), (@5, @10)})})})})})}), (@13, {(@19, {(@10, @9)}), (@19, {(@17, {(@18, {(@4, {(@15, {(@10, @9)})}), (@5, @10)})})})})})}, parameter: @9 }] }
                                         node_type self={(@14, {(@4, {(@15, @9)}), (@5, @10)})}
                                             query_values_axiomatically subject={(@14, {(@4, {(@15, @9)}), (@5, @10)})}, tag=@3
                                              INFO return=[]
                                             query_values_axiomatically subject={(@14, {(@4, {(@15, @9)}), (@5, @10)})}, tag=@12
                                              INFO return=[]
                                             query_values_axiomatically subject={(@14, {(@4, {(@15, @9)}), (@5, @10)})}, tag=@13
                                              INFO return=[]
                                             query_values_axiomatically subject={(@14, {(@4, {(@15, @9)}), (@5, @10)})}, tag=@25
                                              INFO return=[]
                                             query_values_axiomatically subject={(@14, {(@4, {(@15, @9)}), (@5, @10)})}, tag=@14
                                              INFO return=[{(@4, {(@15, @9)}), (@5, @10)}]
                                             query_values_axiomatically subject={(@14, {(@4, {(@15, @9)}), (@5, @10)})}, tag=@15
                                              INFO return=[]
                                             query_values_axiomatically subject={(@14, {(@4, {(@15, @9)}), (@5, @10)})}, tag=@17
                                              INFO return=[]
                                             query_values_axiomatically subject={(@14, {(@4, {(@15, @9)}), (@5, @10)})}, tag=@18
                                              INFO return=[]
                                             query_values_axiomatically subject={(@14, {(@4, {(@15, @9)}), (@5, @10)})}, tag=@19
                                              INFO return=[]
                                             query_values_axiomatically subject={(@14, {(@4, {(@15, @9)}), (@5, @10)})}, tag=@20
                                              INFO return=[]
                                             query_values_axiomatically subject={(@14, {(@4, {(@15, @9)}), (@5, @10)})}, tag=@21
                                              INFO return=[]
                                             query_values_axiomatically subject={(@14, {(@4, {(@15, @9)}), (@5, @10)})}, tag=@22
                                              INFO return=[]
                                          INFO return=Some(Exists)
                                         capture self={(@4, {(@15, @9)}), (@5, @10)}, additional_depth=1, ctx=EvaluationContext { stack: [FunctionContext { function: {(@3, {(@3, {(@13, {(@14, {(@4, {(@15, @9)}), (@5, {(@3, {(@20, {(@19, @9), (@19, {(@15, @9)})}), (@20, {(@14, {(@4, {(@15, @9)}), (@5, @10)})})})})})}), (@13, {(@19, {(@10, @9)}), (@19, {(@17, {(@18, {(@4, {(@15, {(@10, @9)})}), (@5, @10)})})})})})})}, parameter: {(@10, @9)} }, FunctionContext { function: {(@3, {(@13, {(@14, {(@4, {(@15, @9)}), (@5, {(@3, {(@20, {(@19, @9), (@19, {(@15, @9)})}), (@20, {(@14, {(@4, {(@15, @9)}), (@5, @10)})})})})})}), (@13, {(@19, {(@10, @9)}), (@19, {(@17, {(@18, {(@4, {(@15, {(@10, @9)})}), (@5, @10)})})})})})}, parameter: @9 }] }
                                             node_type self={(@4, {(@15, @9)}), (@5, @10)}
                                                 query_values_axiomatically subject={(@4, {(@15, @9)}), (@5, @10)}, tag=@3
                                                  INFO return=[]
                                                 query_values_axiomatically subject={(@4, {(@15, @9)}), (@5, @10)}, tag=@12
                                                  INFO return=[]
                                                 query_values_axiomatically subject={(@4, {(@15, @9)}), (@5, @10)}, tag=@13
                                                  INFO return=[]
                                                 query_values_axiomatically subject={(@4, {(@15, @9)}), (@5, @10)}, tag=@25
                                                  INFO return=[]
                                                 query_values_axiomatically subject={(@4, {(@15, @9)}), (@5, @10)}, tag=@14
                                                  INFO return=[]
                                                 query_values_axiomatically subject={(@4, {(@15, @9)}), (@5, @10)}, tag=@15
                                                  INFO return=[]
                                                 query_values_axiomatically subject={(@4, {(@15, @9)}), (@5, @10)}, tag=@17
                                                  INFO return=[]
                                                 query_values_axiomatically subject={(@4, {(@15, @9)}), (@5, @10)}, tag=@18
                                                  INFO return=[]
                                                 query_values_axiomatically subject={(@4, {(@15, @9)}), (@5, @10)}, tag=@19
                                                  INFO return=[]
                                                 query_values_axiomatically subject={(@4, {(@15, @9)}), (@5, @10)}, tag=@20
                                                  INFO return=[]
                                                 query_values_axiomatically subject={(@4, {(@15, @9)}), (@5, @10)}, tag=@21
                                                  INFO return=[]
                                                 query_values_axiomatically subject={(@4, {(@15, @9)}), (@5, @10)}, tag=@22
                                                  INFO return=[]
                                              INFO return=None
                                             capture self={(@15, @9)}, additional_depth=1, ctx=EvaluationContext { stack: [FunctionContext { function: {(@3, {(@3, {(@13, {(@14, {(@4, {(@15, @9)}), (@5, {(@3, {(@20, {(@19, @9), (@19, {(@15, @9)})}), (@20, {(@14, {(@4, {(@15, @9)}), (@5, @10)})})})})})}), (@13, {(@19, {(@10, @9)}), (@19, {(@17, {(@18, {(@4, {(@15, {(@10, @9)})}), (@5, @10)})})})})})})}, parameter: {(@10, @9)} }, FunctionContext { function: {(@3, {(@13, {(@14, {(@4, {(@15, @9)}), (@5, {(@3, {(@20, {(@19, @9), (@19, {(@15, @9)})}), (@20, {(@14, {(@4, {(@15, @9)}), (@5, @10)})})})})})}), (@13, {(@19, {(@10, @9)}), (@19, {(@17, {(@18, {(@4, {(@15, {(@10, @9)})}), (@5, @10)})})})})})}, parameter: @9 }] }
                                                 node_type self={(@15, @9)}
                                                     query_values_axiomatically subject={(@15, @9)}, tag=@3
                                                      INFO return=[]
                                                     query_values_axiomatically subject={(@15, @9)}, tag=@12
                                                      INFO return=[]
                                                     query_values_axiomatically subject={(@15, @9)}, tag=@13
                                                      INFO return=[]
                                                     query_values_axiomatically subject={(@15, @9)}, tag=@25
                                                      INFO return=[]
                                                     query_values_axiomatically subject={(@15, @9)}, tag=@14
                                                      INFO return=[]
                                                     query_values_axiomatically subject={(@15, @9)}, tag=@15
                                                      INFO return=[@9]
                                                     query_values_axiomatically subject={(@15, @9)}, tag=@17
                                                      INFO return=[]
                                                     query_values_axiomatically subject={(@15, @9)}, tag=@18
                                                      INFO return=[]
                                                     query_values_axiomatically subject={(@15, @9)}, tag=@19
                                                      INFO return=[]
                                                     query_values_axiomatically subject={(@15, @9)}, tag=@20
                                                      INFO return=[]
                                                     query_values_axiomatically subject={(@15, @9)}, tag=@21
                                                      INFO return=[]
                                                     query_values_axiomatically subject={(@15, @9)}, tag=@22
                                                      INFO return=[]
                                                  INFO return=Some(Parameter)
                                                 query_values_axiomatically subject={(@15, @9)}, tag=@15
                                                  INFO return=[@9]
                                                 to_natural_number self=@9
                                                  INFO return=Some(0)
                                              INFO return={(@15, @9)}
                                             capture self=@10, additional_depth=1, ctx=EvaluationContext { stack: [FunctionContext { function: {(@3, {(@3, {(@13, {(@14, {(@4, {(@15, @9)}), (@5, {(@3, {(@20, {(@19, @9), (@19, {(@15, @9)})}), (@20, {(@14, {(@4, {(@15, @9)}), (@5, @10)})})})})})}), (@13, {(@19, {(@10, @9)}), (@19, {(@17, {(@18, {(@4, {(@15, {(@10, @9)})}), (@5, @10)})})})})})})}, parameter: {(@10, @9)} }, FunctionContext { function: {(@3, {(@13, {(@14, {(@4, {(@15, @9)}), (@5, {(@3, {(@20, {(@19, @9), (@19, {(@15, @9)})}), (@20, {(@14, {(@4, {(@15, @9)}), (@5, @10)})})})})})}), (@13, {(@19, {(@10, @9)}), (@19, {(@17, {(@18, {(@4, {(@15, {(@10, @9)})}), (@5, @10)})})})})})}, parameter: @9 }] }
                                                 node_type self=@10
                                                     query_values_axiomatically subject=@10, tag=@3
                                                      INFO return=[]
                                                     query_values_axiomatically subject=@10, tag=@12
                                                      INFO return=[]
                                                     query_values_axiomatically subject=@10, tag=@13
                                                      INFO return=[]
                                                     query_values_axiomatically subject=@10, tag=@25
                                                      INFO return=[]
                                                     query_values_axiomatically subject=@10, tag=@14
                                                      INFO return=[]
                                                     query_values_axiomatically subject=@10, tag=@15
                                                      INFO return=[]
                                                     query_values_axiomatically subject=@10, tag=@17
                                                      INFO return=[]
                                                     query_values_axiomatically subject=@10, tag=@18
                                                      INFO return=[]
                                                     query_values_axiomatically subject=@10, tag=@19
                                                      INFO return=[]
                                                     query_values_axiomatically subject=@10, tag=@20
                                                      INFO return=[]
                                                     query_values_axiomatically subject=@10, tag=@21
                                                      INFO return=[]
                                                     query_values_axiomatically subject=@10, tag=@22
                                                      INFO return=[]
                                                  INFO return=None
                                              INFO return=@10
                                          INFO return={(@4, {(@15, @9)}), (@5, @10)}
                                      INFO return={(@14, {(@4, {(@15, @9)}), (@5, @10)})}
                                  INFO return={(@20, {(@19, @9), (@19, {(@15, @9)})}), (@20, {(@14, {(@4, {(@15, @9)}), (@5, @10)})})}
                              INFO return={(@3, {(@20, {(@19, @9), (@19, {(@15, @9)})}), (@20, {(@14, {(@4, {(@15, @9)}), (@5, @10)})})})}
                          INFO return={(@3, {(@20, {(@19, @9), (@19, {(@15, @9)})}), (@20, {(@14, {(@4, {(@15, @9)}), (@5, @10)})})})}
                         query_values subject=@9, tag={(@3, {(@20, {(@19, @9), (@19, {(@15, @9)})}), (@20, {(@14, {(@4, {(@15, @9)}), (@5, @10)})})})}, ctx=EvaluationContext { stack: [FunctionContext { function: {(@3, {(@3, {(@13, {(@14, {(@4, {(@15, @9)}), (@5, {(@3, {(@20, {(@19, @9), (@19, {(@15, @9)})}), (@20, {(@14, {(@4, {(@15, @9)}), (@5, @10)})})})})})}), (@13, {(@19, {(@10, @9)}), (@19, {(@17, {(@18, {(@4, {(@15, {(@10, @9)})}), (@5, @10)})})})})})})}, parameter: {(@10, @9)} }, FunctionContext { function: {(@3, {(@13, {(@14, {(@4, {(@15, @9)}), (@5, {(@3, {(@20, {(@19, @9), (@19, {(@15, @9)})}), (@20, {(@14, {(@4, {(@15, @9)}), (@5, @10)})})})})})}), (@13, {(@19, {(@10, @9)}), (@19, {(@17, {(@18, {(@4, {(@15, {(@10, @9)})}), (@5, @10)})})})})})}, parameter: @9 }] }
                      INFO return={(@1, {})}
                     eval self={(@19, {(@10, @9)}), (@19, {(@17, {(@18, {(@4, {(@15, {(@10, @9)})}), (@5, @10)})})})}, ctx=EvaluationContext { stack: [FunctionContext { function: {(@3, {(@3, {(@13, {(@14, {(@4, {(@15, @9)}), (@5, {(@3, {(@20, {(@19, @9), (@19, {(@15, @9)})}), (@20, {(@14, {(@4, {(@15, @9)}), (@5, @10)})})})})})}), (@13, {(@19, {(@10, @9)}), (@19, {(@17, {(@18, {(@4, {(@15, {(@10, @9)})}), (@5, @10)})})})})})})}, parameter: {(@10, @9)} }, FunctionContext { function: {(@3, {(@13, {(@14, {(@4, {(@15, @9)}), (@5, {(@3, {(@20, {(@19, @9), (@19, {(@15, @9)})}), (@20, {(@14, {(@4, {(@15, @9)}), (@5, @10)})})})})})}), (@13, {(@19, {(@10, @9)}), (@19, {(@17, {(@18, {(@4, {(@15, {(@10, @9)})}), (@5, @10)})})})})})}, parameter: @9 }] }
                         node_type self={(@19, {(@10, @9)}), (@19, {(@17, {(@18, {(@4, {(@15, {(@10, @9)})}), (@5, @10)})})})}
                             query_values_axiomatically subject={(@19, {(@10, @9)}), (@19, {(@17, {(@18, {(@4, {(@15, {(@10, @9)})}), (@5, @10)})})})}, tag=@3
                              INFO return=[]
                             query_values_axiomatically subject={(@19, {(@10, @9)}), (@19, {(@17, {(@18, {(@4, {(@15, {(@10, @9)})}), (@5, @10)})})})}, tag=@12
                              INFO return=[]
                             query_values_axiomatically subject={(@19, {(@10, @9)}), (@19, {(@17, {(@18, {(@4, {(@15, {(@10, @9)})}), (@5, @10)})})})}, tag=@13
                              INFO return=[]
                             query_values_axiomatically subject={(@19, {(@10, @9)}), (@19, {(@17, {(@18, {(@4, {(@15, {(@10, @9)})}), (@5, @10)})})})}, tag=@25
                              INFO return=[]
                             query_values_axiomatically subject={(@19, {(@10, @9)}), (@19, {(@17, {(@18, {(@4, {(@15, {(@10, @9)})}), (@5, @10)})})})}, tag=@14
                              INFO return=[]
                             query_values_axiomatically subject={(@19, {(@10, @9)}), (@19, {(@17, {(@18, {(@4, {(@15, {(@10, @9)})}), (@5, @10)})})})}, tag=@15
                              INFO return=[]
                             query_values_axiomatically subject={(@19, {(@10, @9)}), (@19, {(@17, {(@18, {(@4, {(@15, {(@10, @9)})}), (@5, @10)})})})}, tag=@17
                              INFO return=[]
                             query_values_axiomatically subject={(@19, {(@10, @9)}), (@19, {(@17, {(@18, {(@4, {(@15, {(@10, @9)})}), (@5, @10)})})})}, tag=@18
                              INFO return=[]
                             query_values_axiomatically subject={(@19, {(@10, @9)}), (@19, {(@17, {(@18, {(@4, {(@15, {(@10, @9)})}), (@5, @10)})})})}, tag=@19
                              INFO return=[{(@10, @9)}, {(@17, {(@18, {(@4, {(@15, {(@10, @9)})}), (@5, @10)})})}]
                             query_values_axiomatically subject={(@19, {(@10, @9)}), (@19, {(@17, {(@18, {(@4, {(@15, {(@10, @9)})}), (@5, @10)})})})}, tag=@20
                              INFO return=[]
                             query_values_axiomatically subject={(@19, {(@10, @9)}), (@19, {(@17, {(@18, {(@4, {(@15, {(@10, @9)})}), (@5, @10)})})})}, tag=@21
                              INFO return=[]
                             query_values_axiomatically subject={(@19, {(@10, @9)}), (@19, {(@17, {(@18, {(@4, {(@15, {(@10, @9)})}), (@5, @10)})})})}, tag=@22
                              INFO return=[]
                          INFO return=Some(Equal)
                         query_values_axiomatically subject={(@19, {(@10, @9)}), (@19, {(@17, {(@18, {(@4, {(@15, {(@10, @9)})}), (@5, @10)})})})}, tag=@19
                          INFO return=[{(@10, @9)}, {(@17, {(@18, {(@4, {(@15, {(@10, @9)})}), (@5, @10)})})}]
                         eval self={(@10, @9)}, ctx=EvaluationContext { stack: [FunctionContext { function: {(@3, {(@3, {(@13, {(@14, {(@4, {(@15, @9)}), (@5, {(@3, {(@20, {(@19, @9), (@19, {(@15, @9)})}), (@20, {(@14, {(@4, {(@15, @9)}), (@5, @10)})})})})})}), (@13, {(@19, {(@10, @9)}), (@19, {(@17, {(@18, {(@4, {(@15, {(@10, @9)})}), (@5, @10)})})})})})})}, parameter: {(@10, @9)} }, FunctionContext { function: {(@3, {(@13, {(@14, {(@4, {(@15, @9)}), (@5, {(@3, {(@20, {(@19, @9), (@19, {(@15, @9)})}), (@20, {(@14, {(@4, {(@15, @9)}), (@5, @10)})})})})})}), (@13, {(@19, {(@10, @9)}), (@19, {(@17, {(@18, {(@4, {(@15, {(@10, @9)})}), (@5, @10)})})})})})}, parameter: @9 }] }
                             node_type self={(@10, @9)}
                                 query_values_axiomatically subject={(@10, @9)}, tag=@3
                                  INFO return=[]
                                 query_values_axiomatically subject={(@10, @9)}, tag=@12
                                  INFO return=[]
                                 query_values_axiomatically subject={(@10, @9)}, tag=@13
                                  INFO return=[]
                                 query_values_axiomatically subject={(@10, @9)}, tag=@25
                                  INFO return=[]
                                 query_values_axiomatically subject={(@10, @9)}, tag=@14
                                  INFO return=[]
                                 query_values_axiomatically subject={(@10, @9)}, tag=@15
                                  INFO return=[]
                                 query_values_axiomatically subject={(@10, @9)}, tag=@17
                                  INFO return=[]
                                 query_values_axiomatically subject={(@10, @9)}, tag=@18
                                  INFO return=[]
                                 query_values_axiomatically subject={(@10, @9)}, tag=@19
                                  INFO return=[]
                                 query_values_axiomatically subject={(@10, @9)}, tag=@20
                                  INFO return=[]
                                 query_values_axiomatically subject={(@10, @9)}, tag=@21
                                  INFO return=[]
                                 query_values_axiomatically subject={(@10, @9)}, tag=@22
                                  INFO return=[]
                              INFO return=None
                             eval self=@9, ctx=EvaluationContext { stack: [FunctionContext { function: {(@3, {(@3, {(@13, {(@14, {(@4, {(@15, @9)}), (@5, {(@3, {(@20, {(@19, @9), (@19, {(@15, @9)})}), (@20, {(@14, {(@4, {(@15, @9)}), (@5, @10)})})})})})}), (@13, {(@19, {(@10, @9)}), (@19, {(@17, {(@18, {(@4, {(@15, {(@10, @9)})}), (@5, @10)})})})})})})}, parameter: {(@10, @9)} }, FunctionContext { function: {(@3, {(@13, {(@14, {(@4, {(@15, @9)}), (@5, {(@3, {(@20, {(@19, @9), (@19, {(@15, @9)})}), (@20, {(@14, {(@4, {(@15, @9)}), (@5, @10)})})})})})}), (@13, {(@19, {(@10, @9)}), (@19, {(@17, {(@18, {(@4, {(@15, {(@10, @9)})}), (@5, @10)})})})})})}, parameter: @9 }] }
                                 node_type self=@9
                                     query_values_axiomatically subject=@9, tag=@3
                                      INFO return=[]
                                     query_values_axiomatically subject=@9, tag=@12
                                      INFO return=[]
                                     query_values_axiomatically subject=@9, tag=@13
                                      INFO return=[]
                                     query_values_axiomatically subject=@9, tag=@25
                                      INFO return=[]
                                     query_values_axiomatically subject=@9, tag=@14
                                      INFO return=[]
                                     query_values_axiomatically subject=@9, tag=@15
                                      INFO return=[]
                                     query_values_axiomatically subject=@9, tag=@17
                                      INFO return=[]
                                     query_values_axiomatically subject=@9, tag=@18
                                      INFO return=[]
                                     query_values_axiomatically subject=@9, tag=@19
                                      INFO return=[]
                                     query_values_axiomatically subject=@9, tag=@20
                                      INFO return=[]
                                     query_values_axiomatically subject=@9, tag=@21
                                      INFO return=[]
                                     query_values_axiomatically subject=@9, tag=@22
                                      INFO return=[]
                                  INFO return=None
                              INFO return=@9
                          INFO return={(@10, @9)}
                         eval self={(@17, {(@18, {(@4, {(@15, {(@10, @9)})}), (@5, @10)})})}, ctx=EvaluationContext { stack: [FunctionContext { function: {(@3, {(@3, {(@13, {(@14, {(@4, {(@15, @9)}), (@5, {(@3, {(@20, {(@19, @9), (@19, {(@15, @9)})}), (@20, {(@14, {(@4, {(@15, @9)}), (@5, @10)})})})})})}), (@13, {(@19, {(@10, @9)}), (@19, {(@17, {(@18, {(@4, {(@15, {(@10, @9)})}), (@5, @10)})})})})})})}, parameter: {(@10, @9)} }, FunctionContext { function: {(@3, {(@13, {(@14, {(@4, {(@15, @9)}), (@5, {(@3, {(@20, {(@19, @9), (@19, {(@15, @9)})}), (@20, {(@14, {(@4, {(@15, @9)}), (@5, @10)})})})})})}), (@13, {(@19, {(@10, @9)}), (@19, {(@17, {(@18, {(@4, {(@15, {(@10, @9)})}), (@5, @10)})})})})})}, parameter: @9 }] }
                             node_type self={(@17, {(@18, {(@4, {(@15, {(@10, @9)})}), (@5, @10)})})}
                                 query_values_axiomatically subject={(@17, {(@18, {(@4, {(@15, {(@10, @9)})}), (@5, @10)})})}, tag=@3
                                  INFO return=[]
                                 query_values_axiomatically subject={(@17, {(@18, {(@4, {(@15, {(@10, @9)})}), (@5, @10)})})}, tag=@12
                                  INFO return=[]
                                 query_values_axiomatically subject={(@17, {(@18, {(@4, {(@15, {(@10, @9)})}), (@5, @10)})})}, tag=@13
                                  INFO return=[]
                                 query_values_axiomatically subject={(@17, {(@18, {(@4, {(@15, {(@10, @9)})}), (@5, @10)})})}, tag=@25
                                  INFO return=[]
                                 query_values_axiomatically subject={(@17, {(@18, {(@4, {(@15, {(@10, @9)})}), (@5, @10)})})}, tag=@14
                                  INFO return=[]
                                 query_values_axiomatically subject={(@17, {(@18, {(@4, {(@15, {(@10, @9)})}), (@5, @10)})})}, tag=@15
                                  INFO return=[]
                                 query_values_axiomatically subject={(@17, {(@18, {(@4, {(@15, {(@10, @9)})}), (@5, @10)})})}, tag=@17
                                  INFO return=[{(@18, {(@4, {(@15, {(@10, @9)})}), (@5, @10)})}]
                                 query_values_axiomatically subject={(@17, {(@18, {(@4, {(@15, {(@10, @9)})}), (@5, @10)})})}, tag=@18
                                  INFO return=[]
                                 query_values_axiomatically subject={(@17, {(@18, {(@4, {(@15, {(@10, @9)})}), (@5, @10)})})}, tag=@19
                                  INFO return=[]
                                 query_values_axiomatically subject={(@17, {(@18, {(@4, {(@15, {(@10, @9)})}), (@5, @10)})})}, tag=@20
                                  INFO return=[]
                                 query_values_axiomatically subject={(@17, {(@18, {(@4, {(@15, {(@10, @9)})}), (@5, @10)})})}, tag=@21
                                  INFO return=[]
                                 query_values_axiomatically subject={(@17, {(@18, {(@4, {(@15, {(@10, @9)})}), (@5, @10)})})}, tag=@22
                                  INFO return=[]
                              INFO return=Some(Count)
                             query_values_axiomatically subject={(@17, {(@18, {(@4, {(@15, {(@10, @9)})}), (@5, @10)})})}, tag=@17
                              INFO return=[{(@18, {(@4, {(@15, {(@10, @9)})}), (@5, @10)})}]
                             eval self={(@18, {(@4, {(@15, {(@10, @9)})}), (@5, @10)})}, ctx=EvaluationContext { stack: [FunctionContext { function: {(@3, {(@3, {(@13, {(@14, {(@4, {(@15, @9)}), (@5, {(@3, {(@20, {(@19, @9), (@19, {(@15, @9)})}), (@20, {(@14, {(@4, {(@15, @9)}), (@5, @10)})})})})})}), (@13, {(@19, {(@10, @9)}), (@19, {(@17, {(@18, {(@4, {(@15, {(@10, @9)})}), (@5, @10)})})})})})})}, parameter: {(@10, @9)} }, FunctionContext { function: {(@3, {(@13, {(@14, {(@4, {(@15, @9)}), (@5, {(@3, {(@20, {(@19, @9), (@19, {(@15, @9)})}), (@20, {(@14, {(@4, {(@15, @9)}), (@5, @10)})})})})})}), (@13, {(@19, {(@10, @9)}), (@19, {(@17, {(@18, {(@4, {(@15, {(@10, @9)})}), (@5, @10)})})})})})}, parameter: @9 }] }
                                 node_type self={(@18, {(@4, {(@15, {(@10, @9)})}), (@5, @10)})}
                                     query_values_axiomatically subject={(@18, {(@4, {(@15, {(@10, @9)})}), (@5, @10)})}, tag=@3
                                      INFO return=[]
                                     query_values_axiomatically subject={(@18, {(@4, {(@15, {(@10, @9)})}), (@5, @10)})}, tag=@12
                                      INFO return=[]
                                     query_values_axiomatically subject={(@18, {(@4, {(@15, {(@10, @9)})}), (@5, @10)})}, tag=@13
                                      INFO return=[]
                                     query_values_axiomatically subject={(@18, {(@4, {(@15, {(@10, @9)})}), (@5, @10)})}, tag=@25
                                      INFO return=[]
                                     query_values_axiomatically subject={(@18, {(@4, {(@15, {(@10, @9)})}), (@5, @10)})}, tag=@14
                                      INFO return=[]
                                     query_values_axiomatically subject={(@18, {(@4, {(@15, {(@10, @9)})}), (@5, @10)})}, tag=@15
                                      INFO return=[]
                                     query_values_axiomatically subject={(@18, {(@4, {(@15, {(@10, @9)})}), (@5, @10)})}, tag=@17
                                      INFO return=[]
                                     query_values_axiomatically subject={(@18, {(@4, {(@15, {(@10, @9)})}), (@5, @10)})}, tag=@18
                                      INFO return=[{(@4, {(@15, {(@10, @9)})}), (@5, @10)}]
                                     query_values_axiomatically subject={(@18, {(@4, {(@15, {(@10, @9)})}), (@5, @10)})}, tag=@19
                                      INFO return=[]
                                     query_values_axiomatically subject={(@18, {(@4, {(@15, {(@10, @9)})}), (@5, @10)})}, tag=@20
                                      INFO return=[]
                                     query_values_axiomatically subject={(@18, {(@4, {(@15, {(@10, @9)})}), (@5, @10)})}, tag=@21
                                      INFO return=[]
                                     query_values_axiomatically subject={(@18, {(@4, {(@15, {(@10, @9)})}), (@5, @10)})}, tag=@22
                                      INFO return=[]
                                  INFO return=Some(Query)
                                 query_values_axiomatically subject={(@18, {(@4, {(@15, {(@10, @9)})}), (@5, @10)})}, tag=@18
                                  INFO return=[{(@4, {(@15, {(@10, @9)})}), (@5, @10)}]
                                 query_values_axiomatically subject={(@4, {(@15, {(@10, @9)})}), (@5, @10)}, tag=@4
                                  INFO return=[{(@15, {(@10, @9)})}]
                                 query_values_axiomatically subject={(@4, {(@15, {(@10, @9)})}), (@5, @10)}, tag=@5
                                  INFO return=[@10]
                                 query_values_axiomatically subject={(@4, {(@15, {(@10, @9)})}), (@5, @10)}, tag=@6
                                  INFO return=[]
                                 eval self={(@15, {(@10, @9)})}, ctx=EvaluationContext { stack: [FunctionContext { function: {(@3, {(@3, {(@13, {(@14, {(@4, {(@15, @9)}), (@5, {(@3, {(@20, {(@19, @9), (@19, {(@15, @9)})}), (@20, {(@14, {(@4, {(@15, @9)}), (@5, @10)})})})})})}), (@13, {(@19, {(@10, @9)}), (@19, {(@17, {(@18, {(@4, {(@15, {(@10, @9)})}), (@5, @10)})})})})})})}, parameter: {(@10, @9)} }, FunctionContext { function: {(@3, {(@13, {(@14, {(@4, {(@15, @9)}), (@5, {(@3, {(@20, {(@19, @9), (@19, {(@15, @9)})}), (@20, {(@14, {(@4, {(@15, @9)}), (@5, @10)})})})})})}), (@13, {(@19, {(@10, @9)}), (@19, {(@17, {(@18, {(@4, {(@15, {(@10, @9)})}), (@5, @10)})})})})})}, parameter: @9 }] }
                                     node_type self={(@15, {(@10, @9)})}
                                         query_values_axiomatically subject={(@15, {(@10, @9)})}, tag=@3
                                          INFO return=[]
                                         query_values_axiomatically subject={(@15, {(@10, @9)})}, tag=@12
                                          INFO return=[]
                                         query_values_axiomatically subject={(@15, {(@10, @9)})}, tag=@13
                                          INFO return=[]
                                         query_values_axiomatically subject={(@15, {(@10, @9)})}, tag=@25
                                          INFO return=[]
                                         query_values_axiomatically subject={(@15, {(@10, @9)})}, tag=@14
                                          INFO return=[]
                                         query_values_axiomatically subject={(@15, {(@10, @9)})}, tag=@15
                                          INFO return=[{(@10, @9)}]
                                         query_values_axiomatically subject={(@15, {(@10, @9)})}, tag=@17
                                          INFO return=[]
                                         query_values_axiomatically subject={(@15, {(@10, @9)})}, tag=@18
                                          INFO return=[]
                                         query_values_axiomatically subject={(@15, {(@10, @9)})}, tag=@19
                                          INFO return=[]
                                         query_values_axiomatically subject={(@15, {(@10, @9)})}, tag=@20
                                          INFO return=[]
                                         query_values_axiomatically subject={(@15, {(@10, @9)})}, tag=@21
                                          INFO return=[]
                                         query_values_axiomatically subject={(@15, {(@10, @9)})}, tag=@22
                                          INFO return=[]
                                      INFO return=Some(Parameter)
                                     query_values_axiomatically subject={(@15, {(@10, @9)})}, tag=@15
                                      INFO return=[{(@10, @9)}]
                                     to_natural_number self={(@10, @9)}
                                         query_values_axiomatically subject={(@10, @9)}, tag=@10
                                          INFO return=[@9]
                                         to_natural_number self=@9
                                          INFO return=Some(0)
                                      INFO return=Some(1)
                                     parameter_value self=EvaluationContext { stack: [FunctionContext { function: {(@3, {(@3, {(@13, {(@14, {(@4, {(@15, @9)}), (@5, {(@3, {(@20, {(@19, @9), (@19, {(@15, @9)})}), (@20, {(@14, {(@4, {(@15, @9)}), (@5, @10)})})})})})}), (@13, {(@19, {(@10, @9)}), (@19, {(@17, {(@18, {(@4, {(@15, {(@10, @9)})}), (@5, @10)})})})})})})}, parameter: {(@10, @9)} }, FunctionContext { function: {(@3, {(@13, {(@14, {(@4, {(@15, @9)}), (@5, {(@3, {(@20, {(@19, @9), (@19, {(@15, @9)})}), (@20, {(@14, {(@4, {(@15, @9)}), (@5, @10)})})})})})}), (@13, {(@19, {(@10, @9)}), (@19, {(@17, {(@18, {(@4, {(@15, {(@10, @9)})}), (@5, @10)})})})})})}, parameter: @9 }] }, relative_depth=1
                                      INFO return={(@10, @9)}
                                  INFO return={(@10, @9)}
                                 eval self=@10, ctx=EvaluationContext { stack: [FunctionContext { function: {(@3, {(@3, {(@13, {(@14, {(@4, {(@15, @9)}), (@5, {(@3, {(@20, {(@19, @9), (@19, {(@15, @9)})}), (@20, {(@14, {(@4, {(@15, @9)}), (@5, @10)})})})})})}), (@13, {(@19, {(@10, @9)}), (@19, {(@17, {(@18, {(@4, {(@15, {(@10, @9)})}), (@5, @10)})})})})})})}, parameter: {(@10, @9)} }, FunctionContext { function: {(@3, {(@13, {(@14, {(@4, {(@15, @9)}), (@5, {(@3, {(@20, {(@19, @9), (@19, {(@15, @9)})}), (@20, {(@14, {(@4, {(@15, @9)}), (@5, @10)})})})})})}), (@13, {(@19, {(@10, @9)}), (@19, {(@17, {(@18, {(@4, {(@15, {(@10, @9)})}), (@5, @10)})})})})})}, parameter: @9 }] }
                                     node_type self=@10
                                         query_values_axiomatically subject=@10, tag=@3
                                          INFO return=[]
                                         query_values_axiomatically subject=@10, tag=@12
                                          INFO return=[]
                                         query_values_axiomatically subject=@10, tag=@13
                                          INFO return=[]
                                         query_values_axiomatically subject=@10, tag=@25
                                          INFO return=[]
                                         query_values_axiomatically subject=@10, tag=@14
                                          INFO return=[]
                                         query_values_axiomatically subject=@10, tag=@15
                                          INFO return=[]
                                         query_values_axiomatically subject=@10, tag=@17
                                          INFO return=[]
                                         query_values_axiomatically subject=@10, tag=@18
                                          INFO return=[]
                                         query_values_axiomatically subject=@10, tag=@19
                                          INFO return=[]
                                         query_values_axiomatically subject=@10, tag=@20
                                          INFO return=[]
                                         query_values_axiomatically subject=@10, tag=@21
                                          INFO return=[]
                                         query_values_axiomatically subject=@10, tag=@22
                                          INFO return=[]
                                      INFO return=None
                                  INFO return=@10
                                 query_values subject={(@10, @9)}, tag=@10, ctx=EvaluationContext { stack: [FunctionContext { function: {(@3, {(@3, {(@13, {(@14, {(@4, {(@15, @9)}), (@5, {(@3, {(@20, {(@19, @9), (@19, {(@15, @9)})}), (@20, {(@14, {(@4, {(@15, @9)}), (@5, @10)})})})})})}), (@13, {(@19, {(@10, @9)}), (@19, {(@17, {(@18, {(@4, {(@15, {(@10, @9)})}), (@5, @10)})})})})})})}, parameter: {(@10, @9)} }, FunctionContext { function: {(@3, {(@13, {(@14, {(@4, {(@15, @9)}), (@5, {(@3, {(@20, {(@19, @9), (@19, {(@15, @9)})}), (@20, {(@14, {(@4, {(@15, @9)}), (@5, @10)})})})})})}), (@13, {(@19, {(@10, @9)}), (@19, {(@17, {(@18, {(@4, {(@15, {(@10, @9)})}), (@5, @10)})})})})})}, parameter: @9 }] }
                                     query_values_axiomatically subject=@10, tag=@2
                                      INFO return=[{(@3, {(@3, {(@13, {(@14, {(@4, {(@15, @9)}), (@5, {(@3, {(@20, {(@19, @9), (@19, {(@15, @9)})}), (@20, {(@14, {(@4, {(@15, @9)}), (@5, @10)})})})})})}), (@13, {(@19, {(@10, @9)}), (@19, {(@17, {(@18, {(@4, {(@15, {(@10, @9)})}), (@5, @10)})})})})})})}]
                                     query_values_axiomatically subject=@10, tag=@3
                                      INFO return=[]
                                     query_values_axiomatically subject={(@10, @9)}, tag=@10
                                      INFO return=[@9]
                              INFO return={(@1, @9)}
                          INFO return={(@10, @9)}
                      INFO return={(@1, {})}
                  INFO return={(@1, {})}
              INFO return={(@1, {})}
          INFO return={(@1, {})}
      INFO return={(@1, {})}
  INFO return=Ok(())
